localhost:5432 - no response
localhost:5432 - no response
localhost:5432 - no response
localhost:5432 - no response
localhost:5432 - accepting connections
Database is ready!
Use \q to exit
Example: SELECT * FROM Movies;
-- >>>>>>>>>>>>>>>>>>>>>>>>>>>>>>>>>>>>>>>>>>>>>>>>>>>>>>>>>>>>>>>>>>>>>>>>>>>>>>>>>>>>>>>>>>>>>>>>>>>>>>>>>>>>>>>>>>>>>>>>>>>>>>>>>>>>>>>>>>>>>>>>>>>>>>>>>>>>>>>>>>>>>>>>>>>>>>>>>>>>>>>>>>>>>>>>>>>>>>>>>>>>>>>>>
-- test und reference Abfrage

SELECT * FROM Movies;
 movie_id |                        title                        | releasedate | genre_id |  budget   | openingweek |  profit   | runtime | certificate | sequelof |        distribution        
----------+-----------------------------------------------------+-------------+----------+-----------+-------------+-----------+---------+-------------+----------+----------------------------
        1 | Avatar - Aufbruch nach Pandora                      | 2009-12-17  |        1 | 237000000 |    77025481 | 760505847 |     162 |          12 |          | 20th Century Fox
        2 | Titanic                                             | 1997-12-14  |        2 | 200000000 |    28638131 | 658672302 |     194 |          12 |          | Paramount Pictures
        3 | Star Wars: Das Erwachen der Macht                   | 2015-12-14  |        1 | 245000000 |   247966675 | 936627416 |     136 |          12 |          | Walt Disney Studios
        4 | Jurassic World                                      | 2015-12-14  |        1 | 150000000 |   204600000 | 652177271 |     124 |          12 |          | Universal Studios
        5 | The Avengers                                        | 2012-04-11  |        3 | 220000000 |   207438708 | 623279547 |     143 |          12 |          | Walt Disney Studios
        6 | Fast & Furios 7                                     | 2016-03-15  |        4 | 190000000 |   147187040 | 350034110 |     137 |          12 |          | Universal Studios
        7 | Avengers: Age of Ultron                             | 2015-04-13  |        3 | 250000000 |   191271109 | 458991599 |     141 |          12 |        5 | Walt Disney Studios
        8 | Harry Potter und die Heiligtümer des Todes – Teil 2 | 2011-07-11  |        5 | 125000000 |   169189427 | 380955619 |     130 |          12 |          | Warner Bros. Entertainment
        9 | Die Eiskönigin – Völlig unverfroren                 | 2011-10-11  |        6 | 150000000 |    67391326 | 400736600 |     102 |           0 |          | Walt Disney Studios
       10 | Die Schöne und das Biest                            | 2017-03-17  |        5 | 160000000 |   174750616 | 503974884 |     129 |           6 |          | Walt Disney Studios
       11 | Fast & Furious 8                                    | 2017-04-04  |        4 | 250000000 |    98786705 | 225697400 |     136 |          12 |        6 | Universal Studios
       12 | Iron Man 3                                          | 2013-04-12  |        4 | 200000000 |   174144585 | 408992272 |     130 |          12 |          | Walt Disney Studios
       13 | Minions                                             | 2015-06-11  |        4 |  74000000 |   115200000 | 336029560 |      91 |           0 |          | Universal Studios
       14 | The First Avenger: Civil War                        | 2016-04-28  |        3 | 250000000 |   179139142 | 408080554 |     147 |          12 |          | Walt Disney Studios
       15 | Transformers 3 – Die dunkle Seite des Mondes        | 2011-06-29  |        3 | 195000000 |   115886050 | 352358779 |     154 |          12 |          | Paramount Pictures
       16 | Der Herr der Ringe: Die Rückkehr des Königs         | 2003-12-17  |        5 |  94000000 |    72629713 | 377019252 |     201 |          12 |          | New Line Cinema
       17 | James Bond 007: Skyfall                             | 2012-11-01  |        4 | 200000000 |    88364714 | 304360277 |     143 |          12 |          | Metro-Goldwyn-Mayer
       18 | Transformers: Ära des Untergangs                    | 2014-07-17  |        3 | 210000000 |   100038390 | 245428137 |     165 |          12 |       15 | Paramount Pictures
       19 | The Dark Knight Rises                               | 2012-07-26  |        3 | 250000000 |   160887295 | 448130642 |     164 |          12 |          | Warner Bros. Entertainment
       20 | Toy Story 3                                         | 2010-07-29  |        6 | 200000000 |   109000000 | 414984497 |     103 |           0 |          | Walt Disney Studios
(20 rows)


-- >>>>>>>>>>>>>>>>>>>>>>>>>>>>>>>>>>>>>>>>>>>>>>>>>>>>>>>>>>>>>>>>>>>>>>>>>>>>>>>>>>>>>>>>>>>>>>>>>>>>>>>>>>>>>>>>>>>>>>>>>>>>>>>>>>>>>>>>>>>>>>>>>>>>>>>>>>>>>>>>>>>>>>>>>>>>>>>>>>>>>>>>>>>>>>>>>>>>>>>>>>>>>>>>>>
-- Aufgabe 1 - Fügen Sie Filme in die Datenbank ein
-- a) Fügen Sie der Tabelle MOVIES den ersten Film hinzu. Listen Sie dazu die Attributnamen explizit auf.

INSERT INTO Movies
VALUES (
(SELECT MAX(movie_id)+1 FROM Movies),
'Pirates of the Caribbean - Fluch der Karibik 2',
'2006-07-27', -- TO_DATE('27.07.2006', 'DD.MM.YYYY'),
'4',
'225000000',
'135634554',
'423315812',
'151',
'12',
NULL,
'Walt Disney Studios'
);
INSERT 0 1

-- b) Füllen Sie die Tabelle MOVIES mit dem zweiten und dritten Film auf. Listen Sie dabei die Attribute nicht auf.

INSERT INTO Movies 
VALUES (
(SELECT MAX(movie_id)+1 FROM Movies),
'Rogue One: A Star Wars Story',
'2016-12-15', -- TO_DATE('15.12.2016', 'DD.MM.YYYY'),
'1',
'200000000',
'155081681',
'532171696',
'133',
'12',
NULL,
'Walt Disney Studios'
);
INSERT 0 1

INSERT INTO Movies
VALUES (
(SELECT MAX(movie_id)+1 FROM Movies),
'Pirates of the Caribbean - Fremde Gezeiten',
'2017-05-19', -- TO_DATE('19.05.2017', 'DD.MM.YYYY'),
'4',
'250000000',
'90151958',
'241071802',
'136',
'12',
(SELECT movie_id FROM Movies WHERE title = 'Pirates of the Caribbean - Fluch der Karibik 2'),
'Walt Disney Studios'
);
INSERT 0 1

-- >>>>>>>>>>>>>>>>>>>>>>>>>>>>>>>>>>>>>>>>>>>>>>>>>>>>>>>>>>>>>>>>>>>>>>>>>>>>>>>>>>>>>>>>>>>>>>>>>>>>>>>>>>>>>>>>>>>>>>>>>>>>>>>>>>>>>>>>>>>>>>>>>>>>>>>>>>>>>>>>>>>>>>>>>>>>>>>>>>>>>>>>>>>>>>>>>>>>>>>>>>>>>>>>>>
-- Aufgabe 2 - Bei der Nutzung der Datenbank hat sich herausgestellt, dass die Summen statt in Dollar besser in Euro angegeben werden sollten. Aktualisieren Sie den Datenbestand, in dem Sie die Dollarangaben in Euro umrechnen. Verwenden Sie den Wechselkurs 1 US-Dollar = 0,85 Euro.

UPDATE Movies
SET
budget = ROUND(budget * 0.85, 2),
openingweek = ROUND(openingweek * 0.85, 2),
profit = ROUND(profit * 0.85, 2);
UPDATE 23

-- >>>>>>>>>>>>>>>>>>>>>>>>>>>>>>>>>>>>>>>>>>>>>>>>>>>>>>>>>>>>>>>>>>>>>>>>>>>>>>>>>>>>>>>>>>>>>>>>>>>>>>>>>>>>>>>>>>>>>>>>>>>>>>>>>>>>>>>>>>>>>>>>>>>>>>>>>>>>>>>>>>>>>>>>>>>>>>>>>>>>>>>>>>>>>>>>>>>>>>>>>>>>>>>>>>
-- Aufgabe 3 - Ändern Sie den Titel von Pirates of the Caribbean – Fluch der Karibik 2 in Fluch der Karibik 2.

UPDATE Movies
SET
title = 'Fluch der Karibik 2'
WHERE title = 'Pirates of the Caribbean - Fluch der Karibik 2';
UPDATE 1

-- >>>>>>>>>>>>>>>>>>>>>>>>>>>>>>>>>>>>>>>>>>>>>>>>>>>>>>>>>>>>>>>>>>>>>>>>>>>>>>>>>>>>>>>>>>>>>>>>>>>>>>>>>>>>>>>>>>>>>>>>>>>>>>>>>>>>>>>>>>>>>>>>>>>>>>>>>>>>>>>>>>>>>>>>>>>>>>>>>>>>>>>>>>>>>>>>>>>>>>>>>>>>>>>>>>
-- Aufgabe 4 - ZU VIEL

-- Erstellen Sie einen Datenbankcontainer und lassen Sie diesen im Hintergrund laufen.
-- Starten Sie eine psql-Shell (A)
-- Starten Sie eine weitere psql-Shell (B)
-- Starten Sie in A eine Transaktion
-- Starten Sie in B eine Transaktion
-- Rufen Sie in B Sie Anzahl der Filme ab
-- Fügen Sie in A einen Film hinzu
-- Rufen Sie in B Sie Anzahl der Filme ab
-- Rufen Sie in A Sie Anzahl der Filme ab
-- Commiten Sie in A
-- Starten Sie eine neue Transkation in A
-- Rufen Sie in B Sie Anzahl der Filme ab
-- Commiten Sie in B
-- Rufen Sie in B Sie Anzahl der Filme ab
-- Ändern Sie in A alle Titel auf "Mist UPDATE ohne Bedingung"
-- Rufen Sie in A alle Filme ab
-- Rufen Sie in B alle Filme ab
-- Führen Sie ein ROLLBACK in A aus
-- Rufen Sie in A alle Filme ab

-- >>>>>>>>>>>>>>>>>>>>>>>>>>>>>>>>>>>>>>>>>>>>>>>>>>>>>>>>>>>>>>>>>>>>>>>>>>>>>>>>>>>>>>>>>>>>>>>>>>>>>>>>>>>>>>>>>>>>>>>>>>>>>>>>>>>>>>>>>>>>>>>>>>>>>>>>>>>>>>>>>>>>>>>>>>>>>>>>>>>>>>>>>>>>>>>>>>>>>>>>>>>>>>>>>>
-- Aufgabe 5 - Um die Performance einer Anwendung Testen zu können, werden 1000 Datensätze in der Tabelle Movies benötigt. Erstellen Sie eine SQL-Anweisung die 1000 Datensätze in die Tabelle Movies einfügt.

INSERT INTO Movies (movie_id, title, releasedate, genre_id, budget, openingweek, profit,runtime, certificate, sequelof, distribution)
SELECT
    (SELECT max(movie_id) FROM Movies) + i, 
    'Test 1' || ((SELECT max(movie_id) FROM Movies) + i),
    '2024-01-01',
    (SELECT genre_id FROM genres WHERE name='Action'), 
    1000000,
    500000,
    2000000,
    120,
    12,
    NULL,
    'Test Studio'
FROM generate_series(1, 1000) AS i;
INSERT 0 1000
