localhost:5432 - no response
localhost:5432 - no response
localhost:5432 - no response
localhost:5432 - no response
localhost:5432 - accepting connections
Database is ready!
Use \q to exit
Example: SELECT * FROM Movies;
-- >>>>>>>>>>>>>>>>>>>>>>>>>>>>>>>>>>>>>>>>>>>>>>>>>>>>>>>>>>>>>>>>>>>>>>>>>>>>>>>>>>>>>>>>>>>>>>>>>>>>>>>>>>>>>>>>>>>>>>>>>>>>>>>>>>>>>>>>>>>>>>>>>>>>>>>>>>>>>>>>>>>>>>>>>>>>>>>>>>>>>>>>>>>>>>>>>>>>>>>>>>>>>>>>>
-- test und reference Abfrage

SELECT * FROM Movies;
 movie_id |                        title                        | releasedate | genre_id |  budget   | openingweek |  profit   | runtime | certificate | sequelof |        distribution        
----------+-----------------------------------------------------+-------------+----------+-----------+-------------+-----------+---------+-------------+----------+----------------------------
        1 | Avatar - Aufbruch nach Pandora                      | 2009-12-17  |        1 | 237000000 |    77025481 | 760505847 |     162 |          12 |          | 20th Century Fox
        2 | Titanic                                             | 1997-12-14  |        2 | 200000000 |    28638131 | 658672302 |     194 |          12 |          | Paramount Pictures
        3 | Star Wars: Das Erwachen der Macht                   | 2015-12-14  |        1 | 245000000 |   247966675 | 936627416 |     136 |          12 |          | Walt Disney Studios
        4 | Jurassic World                                      | 2015-12-14  |        1 | 150000000 |   204600000 | 652177271 |     124 |          12 |          | Universal Studios
        5 | The Avengers                                        | 2012-04-11  |        3 | 220000000 |   207438708 | 623279547 |     143 |          12 |          | Walt Disney Studios
        6 | Fast & Furios 7                                     | 2016-03-15  |        4 | 190000000 |   147187040 | 350034110 |     137 |          12 |          | Universal Studios
        7 | Avengers: Age of Ultron                             | 2015-04-13  |        3 | 250000000 |   191271109 | 458991599 |     141 |          12 |        5 | Walt Disney Studios
        8 | Harry Potter und die Heiligtümer des Todes – Teil 2 | 2011-07-11  |        5 | 125000000 |   169189427 | 380955619 |     130 |          12 |          | Warner Bros. Entertainment
        9 | Die Eiskönigin – Völlig unverfroren                 | 2011-10-11  |        6 | 150000000 |    67391326 | 400736600 |     102 |           0 |          | Walt Disney Studios
       10 | Die Schöne und das Biest                            | 2017-03-17  |        5 | 160000000 |   174750616 | 503974884 |     129 |           6 |          | Walt Disney Studios
       11 | Fast & Furious 8                                    | 2017-04-04  |        4 | 250000000 |    98786705 | 225697400 |     136 |          12 |        6 | Universal Studios
       12 | Iron Man 3                                          | 2013-04-12  |        4 | 200000000 |   174144585 | 408992272 |     130 |          12 |          | Walt Disney Studios
       13 | Minions                                             | 2015-06-11  |        4 |  74000000 |   115200000 | 336029560 |      91 |           0 |          | Universal Studios
       14 | The First Avenger: Civil War                        | 2016-04-28  |        3 | 250000000 |   179139142 | 408080554 |     147 |          12 |          | Walt Disney Studios
       15 | Transformers 3 – Die dunkle Seite des Mondes        | 2011-06-29  |        3 | 195000000 |   115886050 | 352358779 |     154 |          12 |          | Paramount Pictures
       16 | Der Herr der Ringe: Die Rückkehr des Königs         | 2003-12-17  |        5 |  94000000 |    72629713 | 377019252 |     201 |          12 |          | New Line Cinema
       17 | James Bond 007: Skyfall                             | 2012-11-01  |        4 | 200000000 |    88364714 | 304360277 |     143 |          12 |          | Metro-Goldwyn-Mayer
       18 | Transformers: Ära des Untergangs                    | 2014-07-17  |        3 | 210000000 |   100038390 | 245428137 |     165 |          12 |       15 | Paramount Pictures
       19 | The Dark Knight Rises                               | 2012-07-26  |        3 | 250000000 |   160887295 | 448130642 |     164 |          12 |          | Warner Bros. Entertainment
       20 | Toy Story 3                                         | 2010-07-29  |        6 | 200000000 |   109000000 | 414984497 |     103 |           0 |          | Walt Disney Studios
(20 rows)


-- >>>>>>>>>>>>>>>>>>>>>>>>>>>>>>>>>>>>>>>>>>>>>>>>>>>>>>>>>>>>>>>>>>>>>>>>>>>>>>>>>>>>>>>>>>>>>>>>>>>>>>>>>>>>>>>>>>>>>>>>>>>>>>>>>>>>>>>>>>>>>>>>>>>>>>>>>>>>>>>>>>>>>>>>>>>>>>>>>>>>>>>>>>>>>>>>>>>>>>>>>>>>>>>>>>
-- Aufgabe 1 - Zeigen Sie Titel und Releasedatum aller Filme des Genre „Action“ an. Sortieren Sie nach dem Titel. Hinweis: Nutzen Sie die Tabelle GENRES ( \d GENRES ).

SELECT title, releaseDate FROM Movies m NATURAL JOIN Genres g WHERE g.name = 'Action' ORDER BY title ASC;
          title          | releasedate 
-------------------------+-------------
 Fast & Furios 7         | 2016-03-15
 Fast & Furious 8        | 2017-04-04
 Iron Man 3              | 2013-04-12
 James Bond 007: Skyfall | 2012-11-01
 Minions                 | 2015-06-11
(5 rows)

-- NATURAL JOIN wenn fremd und primärschlüssel gleich sind

-- >>>>>>>>>>>>>>>>>>>>>>>>>>>>>>>>>>>>>>>>>>>>>>>>>>>>>>>>>>>>>>>>>>>>>>>>>>>>>>>>>>>>>>>>>>>>>>>>>>>>>>>>>>>>>>>>>>>>>>>>>>>>>>>>>>>>>>>>>>>>>>>>>>>>>>>>>>>>>>>>>>>>>>>>>>>>>>>>>>>>>>>>>>>>>>>>>>>>>>>>>>>>>>>>>>
-- Aufgabe 2 - Erstellen Sie eine Abfrage, welche Titel, Releasedatum und Genre aller Filme anzeigt. Aktuelle Filme sollen zuerst angezeigt werden.

SELECT title, releaseDate, g.name FROM Movies m JOIN Genres g ON m.genre_id = g.genre_id ORDER BY releaseDate DESC;
                        title                        | releasedate |       name       
-----------------------------------------------------+-------------+------------------
 Fast & Furious 8                                    | 2017-04-04  | Action
 Die Schöne und das Biest                            | 2017-03-17  | Fantasy
 The First Avenger: Civil War                        | 2016-04-28  | Comic Verfilmung
 Fast & Furios 7                                     | 2016-03-15  | Action
 Star Wars: Das Erwachen der Macht                   | 2015-12-14  | Sci-Fi
 Jurassic World                                      | 2015-12-14  | Sci-Fi
 Minions                                             | 2015-06-11  | Action
 Avengers: Age of Ultron                             | 2015-04-13  | Comic Verfilmung
 Transformers: Ära des Untergangs                    | 2014-07-17  | Comic Verfilmung
 Iron Man 3                                          | 2013-04-12  | Action
 James Bond 007: Skyfall                             | 2012-11-01  | Action
 The Dark Knight Rises                               | 2012-07-26  | Comic Verfilmung
 The Avengers                                        | 2012-04-11  | Comic Verfilmung
 Die Eiskönigin – Völlig unverfroren                 | 2011-10-11  | Animation
 Harry Potter und die Heiligtümer des Todes – Teil 2 | 2011-07-11  | Fantasy
 Transformers 3 – Die dunkle Seite des Mondes        | 2011-06-29  | Comic Verfilmung
 Toy Story 3                                         | 2010-07-29  | Animation
 Avatar - Aufbruch nach Pandora                      | 2009-12-17  | Sci-Fi
 Der Herr der Ringe: Die Rückkehr des Königs         | 2003-12-17  | Fantasy
 Titanic                                             | 1997-12-14  | Drama
(20 rows)


-- >>>>>>>>>>>>>>>>>>>>>>>>>>>>>>>>>>>>>>>>>>>>>>>>>>>>>>>>>>>>>>>>>>>>>>>>>>>>>>>>>>>>>>>>>>>>>>>>>>>>>>>>>>>>>>>>>>>>>>>>>>>>>>>>>>>>>>>>>>>>>>>>>>>>>>>>>>>>>>>>>>>>>>>>>>>>>>>>>>>>>>>>>>>>>>>>>>>>>>>>>>>>>>>>>>
-- Aufgabe 3 - Zeigen Sie Filme an, deren Budget mit einem anderen Film übereinstimmt, der mehr als 600 Millionen Dollar eingespielt hat. Schließen Sie beim Vergleich die Ausgabe deselben Films aus. Sortieren Sie nach Titel.

SELECT DISTINCT m1.title FROM Movies m1, Movies m2 WHERE m1.profit = m2.profit AND m1.profit > 600000000;
               title               
-----------------------------------
 Titanic
 Star Wars: Das Erwachen der Macht
 The Avengers
 Jurassic World
 Avatar - Aufbruch nach Pandora
(5 rows)


-- >>>>>>>>>>>>>>>>>>>>>>>>>>>>>>>>>>>>>>>>>>>>>>>>>>>>>>>>>>>>>>>>>>>>>>>>>>>>>>>>>>>>>>>>>>>>>>>>>>>>>>>>>>>>>>>>>>>>>>>>>>>>>>>>>>>>>>>>>>>>>>>>>>>>>>>>>>>>>>>>>>>>>>>>>>>>>>>>>>>>>>>>>>>>>>>>>>>>>>>>>>>>>>>>>>
-- Aufgabe 4 - skip

-- ///

-- >>>>>>>>>>>>>>>>>>>>>>>>>>>>>>>>>>>>>>>>>>>>>>>>>>>>>>>>>>>>>>>>>>>>>>>>>>>>>>>>>>>>>>>>>>>>>>>>>>>>>>>>>>>>>>>>>>>>>>>>>>>>>>>>>>>>>>>>>>>>>>>>>>>>>>>>>>>>>>>>>>>>>>>>>>>>>>>>>>>>>>>>>>>>>>>>>>>>>>>>>>>>>>>>>>
-- Aufgabe 5 - Erstellen Sie eine Abfrage, welche alle Genres mit der Anzahl der Filme ausgibt.

SELECT g.name AS Genre, COUNT(m.title) AS Anzahl FROM Genres g LEFT JOIN Movies m ON g.genre_id = m.genre_id GROUP BY g.genre_id, g.name;
      genre       | anzahl 
------------------+--------
 Comic Verfilmung |      6
 Thriller         |      0
 Action           |      5
 Animation        |      2
 Drama            |      1
 Sci-Fi           |      3
 Fantasy          |      3
(7 rows)


-- >>>>>>>>>>>>>>>>>>>>>>>>>>>>>>>>>>>>>>>>>>>>>>>>>>>>>>>>>>>>>>>>>>>>>>>>>>>>>>>>>>>>>>>>>>>>>>>>>>>>>>>>>>>>>>>>>>>>>>>>>>>>>>>>>>>>>>>>>>>>>>>>>>>>>>>>>>>>>>>>>>>>>>>>>>>>>>>>>>>>>>>>>>>>>>>>>>>>>>>>>>>>>>>>>>
-- Aufgabe 6 - skip

-- ///

-- >>>>>>>>>>>>>>>>>>>>>>>>>>>>>>>>>>>>>>>>>>>>>>>>>>>>>>>>>>>>>>>>>>>>>>>>>>>>>>>>>>>>>>>>>>>>>>>>>>>>>>>>>>>>>>>>>>>>>>>>>>>>>>>>>>>>>>>>>>>>>>>>>>>>>>>>>>>>>>>>>>>>>>>>>>>>>>>>>>>>>>>>>>>>>>>>>>>>>>>>>>>>>>>>>>
-- Aufgabe 7 - Zeigen Sie ein Mitwirkendenverzeichnis (Vor- und Nachname) aller Filme (Filmtitel) an, einmal mit und einmal ohne das Schlüsselwort "WHERE" zu verwenden. Sortieren Sie die Nachnamen absteigend.

-- mit WHERE
SELECT m.title, p.firstname, p.lastname FROM Persons p, Personsmovies pm, Movies m WHERE m.movie_id = pm.movie_id AND p.person_id = pm.person_id ORDER BY p.lastname DESC;
                        title                        |  firstname  | lastname  
-----------------------------------------------------+-------------+-----------
 Harry Potter und die Heiligtümer des Todes – Teil 2 | David       | Yates
 Avengers: Age of Ultron                             | Joss        | Whedon
 The Avengers                                        | Joss        | Whedon
 Fast & Furios 7                                     | James       | Wan
 Toy Story 3                                         | Lee         | Unkrich
 Jurassic World                                      | Colin       | Trevorrow
 The First Avenger: Civil War                        | Joe         | Russo
 The First Avenger: Civil War                        | Anthony     | Russo
 The Dark Knight Rises                               | Christopher | Nolan
 James Bond 007: Skyfall                             | Sam         | Mendes
 Die Eiskönigin – Völlig unverfroren                 | Jennifer    | Lee
 Der Herr der Ringe: Die Rückkehr des Königs         | Peter       | Jackson
 Fast & Furious 8                                    | F. Gary     | Gray
 Die Schöne und das Biest                            | Bill        | Condon
 Minions                                             | Pierre      | Coffin
 Titanic                                             | James       | Cameron
 Avatar - Aufbruch nach Pandora                      | James       | Cameron
 Die Eiskönigin – Völlig unverfroren                 | Chris       | Buck
 Iron Man 3                                          | Shane       | Black
 Transformers: Ära des Untergangs                    | Michael     | Bay
 Transformers 3 – Die dunkle Seite des Mondes        | Michael     | Bay
 Minions                                             | Kyle        | Balda
 Star Wars: Das Erwachen der Macht                   | J. J.       | Abrams
(23 rows)

-- ohne WHERE
SELECT m.title, p.firstname, p.lastname FROM Movies m JOIN Personsmovies pm ON m.movie_id = pm.movie_id JOIN persons p ON pm.person_id = p.person_id ORDER BY p.lastname DESC;
                        title                        |  firstname  | lastname  
-----------------------------------------------------+-------------+-----------
 Harry Potter und die Heiligtümer des Todes – Teil 2 | David       | Yates
 Avengers: Age of Ultron                             | Joss        | Whedon
 The Avengers                                        | Joss        | Whedon
 Fast & Furios 7                                     | James       | Wan
 Toy Story 3                                         | Lee         | Unkrich
 Jurassic World                                      | Colin       | Trevorrow
 The First Avenger: Civil War                        | Joe         | Russo
 The First Avenger: Civil War                        | Anthony     | Russo
 The Dark Knight Rises                               | Christopher | Nolan
 James Bond 007: Skyfall                             | Sam         | Mendes
 Die Eiskönigin – Völlig unverfroren                 | Jennifer    | Lee
 Der Herr der Ringe: Die Rückkehr des Königs         | Peter       | Jackson
 Fast & Furious 8                                    | F. Gary     | Gray
 Die Schöne und das Biest                            | Bill        | Condon
 Minions                                             | Pierre      | Coffin
 Titanic                                             | James       | Cameron
 Avatar - Aufbruch nach Pandora                      | James       | Cameron
 Die Eiskönigin – Völlig unverfroren                 | Chris       | Buck
 Iron Man 3                                          | Shane       | Black
 Transformers: Ära des Untergangs                    | Michael     | Bay
 Transformers 3 – Die dunkle Seite des Mondes        | Michael     | Bay
 Minions                                             | Kyle        | Balda
 Star Wars: Das Erwachen der Macht                   | J. J.       | Abrams
(23 rows)


-- >>>>>>>>>>>>>>>>>>>>>>>>>>>>>>>>>>>>>>>>>>>>>>>>>>>>>>>>>>>>>>>>>>>>>>>>>>>>>>>>>>>>>>>>>>>>>>>>>>>>>>>>>>>>>>>>>>>>>>>>>>>>>>>>>>>>>>>>>>>>>>>>>>>>>>>>>>>>>>>>>>>>>>>>>>>>>>>>>>>>>>>>>>>>>>>>>>>>>>>>>>>>>>>>>>
-- Aufgabe 8 - Schreiben Sie eine Abfrage, um den kürzesten Film und den längsten Film anzuzeigen.
-- Benennen Sie die ausgegebenen Tupel entsprechend. Hinweis: Hier können Sie eine Vereinigung verwenden. Außerdem können in der WHERE-Klausel ein Subselect verwenden.
-- Benutzen Sie BEZEICHNUNG, RUNTIME und TITLE als Spaltennamen.

SELECT 'kürzester film' AS Flim, runtime, title FROM Movies WHERE runtime = (SELECT MIN(runtime) FROM Movies) UNION SELECT 'längster film', runtime, title FROM Movies WHERE runtime = (SELECT MAX(runtime) FROM Movies)

-- Fertig lol
      flim      | runtime |                    title                    
----------------+---------+---------------------------------------------
 kürzester film |      91 | Minions
 längster film  |     201 | Der Herr der Ringe: Die Rückkehr des Königs
(2 rows)

