localhost:5432 - no response
localhost:5432 - no response
localhost:5432 - no response
localhost:5432 - no response
localhost:5432 - accepting connections
Database is ready!
Use \q to exit
Example: SELECT * FROM Movies;
-- >>>>>>>>>>>>>>>>>>>>>>>>>>>>>>>>>>>>>>>>>>>>>>>>>>>>>>>>>>>>>>>>>>>>>>>>>>>>>>>>>>>>>>>>>>>>>>>>>>>>>>>>>>>>>>>>>>>>>>>>>>>>>>>>>>>>>>>>>>>>>>>>>>>>>>>>>>>>>>>>>>>>>>>>>>>>>>>>>>>>>>>>>>>>>>>>>>>>>>>>>>>>>>>>>
-- test und reference Abfrage

SELECT * FROM Movies;
 movie_id |                        title                        | releasedate | genre_id |  budget   | openingweek |  profit   | runtime | certificate | sequelof |        distribution        
----------+-----------------------------------------------------+-------------+----------+-----------+-------------+-----------+---------+-------------+----------+----------------------------
        1 | Avatar - Aufbruch nach Pandora                      | 2009-12-17  |        1 | 237000000 |    77025481 | 760505847 |     162 |          12 |          | 20th Century Fox
        2 | Titanic                                             | 1997-12-14  |        2 | 200000000 |    28638131 | 658672302 |     194 |          12 |          | Paramount Pictures
        3 | Star Wars: Das Erwachen der Macht                   | 2015-12-14  |        1 | 245000000 |   247966675 | 936627416 |     136 |          12 |          | Walt Disney Studios
        4 | Jurassic World                                      | 2015-12-14  |        1 | 150000000 |   204600000 | 652177271 |     124 |          12 |          | Universal Studios
        5 | The Avengers                                        | 2012-04-11  |        3 | 220000000 |   207438708 | 623279547 |     143 |          12 |          | Walt Disney Studios
        6 | Fast & Furios 7                                     | 2016-03-15  |        4 | 190000000 |   147187040 | 350034110 |     137 |          12 |          | Universal Studios
        7 | Avengers: Age of Ultron                             | 2015-04-13  |        3 | 250000000 |   191271109 | 458991599 |     141 |          12 |        5 | Walt Disney Studios
        8 | Harry Potter und die Heiligtümer des Todes – Teil 2 | 2011-07-11  |        5 | 125000000 |   169189427 | 380955619 |     130 |          12 |          | Warner Bros. Entertainment
        9 | Die Eiskönigin – Völlig unverfroren                 | 2011-10-11  |        6 | 150000000 |    67391326 | 400736600 |     102 |           0 |          | Walt Disney Studios
       10 | Die Schöne und das Biest                            | 2017-03-17  |        5 | 160000000 |   174750616 | 503974884 |     129 |           6 |          | Walt Disney Studios
       11 | Fast & Furious 8                                    | 2017-04-04  |        4 | 250000000 |    98786705 | 225697400 |     136 |          12 |        6 | Universal Studios
       12 | Iron Man 3                                          | 2013-04-12  |        4 | 200000000 |   174144585 | 408992272 |     130 |          12 |          | Walt Disney Studios
       13 | Minions                                             | 2015-06-11  |        4 |  74000000 |   115200000 | 336029560 |      91 |           0 |          | Universal Studios
       14 | The First Avenger: Civil War                        | 2016-04-28  |        3 | 250000000 |   179139142 | 408080554 |     147 |          12 |          | Walt Disney Studios
       15 | Transformers 3 – Die dunkle Seite des Mondes        | 2011-06-29  |        3 | 195000000 |   115886050 | 352358779 |     154 |          12 |          | Paramount Pictures
       16 | Der Herr der Ringe: Die Rückkehr des Königs         | 2003-12-17  |        5 |  94000000 |    72629713 | 377019252 |     201 |          12 |          | New Line Cinema
       17 | James Bond 007: Skyfall                             | 2012-11-01  |        4 | 200000000 |    88364714 | 304360277 |     143 |          12 |          | Metro-Goldwyn-Mayer
       18 | Transformers: Ära des Untergangs                    | 2014-07-17  |        3 | 210000000 |   100038390 | 245428137 |     165 |          12 |       15 | Paramount Pictures
       19 | The Dark Knight Rises                               | 2012-07-26  |        3 | 250000000 |   160887295 | 448130642 |     164 |          12 |          | Warner Bros. Entertainment
       20 | Toy Story 3                                         | 2010-07-29  |        6 | 200000000 |   109000000 | 414984497 |     103 |           0 |          | Walt Disney Studios
(20 rows)


-- >>>>>>>>>>>>>>>>>>>>>>>>>>>>>>>>>>>>>>>>>>>>>>>>>>>>>>>>>>>>>>>>>>>>>>>>>>>>>>>>>>>>>>>>>>>>>>>>>>>>>>>>>>>>>>>>>>>>>>>>>>>>>>>>>>>>>>>>>>>>>>>>>>>>>>>>>>>>>>>>>>>>>>>>>>>>>>>>>>>>>>>>>>>>>>>>>>>>>>>>>>>>>>>>>>
-- Aufgabe 1 - Zeigen Sie ein Mitwirkendenverzeichnis (Vor- und Nachname) aller Filme (Filmtitel) mit Tätigkeit an, einmal mit und einmal ohne das Schlüsselwort "WHERE" zu verwenden. 
-- Sortieren Sie die Nachnamen absteigend. Hinweis: Hierfür werden die Tabellen PERSONS und PERSONSMOVIES benötigt.

-- mit WHERE
SELECT m.title, p.firstname, p.lastname, pm.role FROM Persons p, Personsmovies pm, Movies m WHERE m.movie_id = pm.movie_id AND p.person_id = pm.person_id ORDER BY p.lastname DESC;
                        title                        |  firstname  | lastname  |   role    
-----------------------------------------------------+-------------+-----------+-----------
 Harry Potter und die Heiligtümer des Todes – Teil 2 | David       | Yates     | direction
 Avengers: Age of Ultron                             | Joss        | Whedon    | direction
 The Avengers                                        | Joss        | Whedon    | direction
 Fast & Furios 7                                     | James       | Wan       | direction
 Toy Story 3                                         | Lee         | Unkrich   | direction
 Jurassic World                                      | Colin       | Trevorrow | direction
 The First Avenger: Civil War                        | Joe         | Russo     | direction
 The First Avenger: Civil War                        | Anthony     | Russo     | direction
 The Dark Knight Rises                               | Christopher | Nolan     | direction
 James Bond 007: Skyfall                             | Sam         | Mendes    | direction
 Die Eiskönigin – Völlig unverfroren                 | Jennifer    | Lee       | direction
 Der Herr der Ringe: Die Rückkehr des Königs         | Peter       | Jackson   | direction
 Fast & Furious 8                                    | F. Gary     | Gray      | direction
 Die Schöne und das Biest                            | Bill        | Condon    | direction
 Minions                                             | Pierre      | Coffin    | direction
 Titanic                                             | James       | Cameron   | direction
 Avatar - Aufbruch nach Pandora                      | James       | Cameron   | direction
 Die Eiskönigin – Völlig unverfroren                 | Chris       | Buck      | direction
 Iron Man 3                                          | Shane       | Black     | direction
 Transformers: Ära des Untergangs                    | Michael     | Bay       | direction
 Transformers 3 – Die dunkle Seite des Mondes        | Michael     | Bay       | direction
 Minions                                             | Kyle        | Balda     | direction
 Star Wars: Das Erwachen der Macht                   | J. J.       | Abrams    | direction
(23 rows)

-- ohne WHERE
SELECT m.title, p.firstname, p.lastname, pm.role FROM Movies m JOIN Personsmovies pm ON m.movie_id = pm.movie_id JOIN persons p ON pm.person_id = p.person_id ORDER BY p.lastname DESC;
                        title                        |  firstname  | lastname  |   role    
-----------------------------------------------------+-------------+-----------+-----------
 Harry Potter und die Heiligtümer des Todes – Teil 2 | David       | Yates     | direction
 Avengers: Age of Ultron                             | Joss        | Whedon    | direction
 The Avengers                                        | Joss        | Whedon    | direction
 Fast & Furios 7                                     | James       | Wan       | direction
 Toy Story 3                                         | Lee         | Unkrich   | direction
 Jurassic World                                      | Colin       | Trevorrow | direction
 The First Avenger: Civil War                        | Joe         | Russo     | direction
 The First Avenger: Civil War                        | Anthony     | Russo     | direction
 The Dark Knight Rises                               | Christopher | Nolan     | direction
 James Bond 007: Skyfall                             | Sam         | Mendes    | direction
 Die Eiskönigin – Völlig unverfroren                 | Jennifer    | Lee       | direction
 Der Herr der Ringe: Die Rückkehr des Königs         | Peter       | Jackson   | direction
 Fast & Furious 8                                    | F. Gary     | Gray      | direction
 Die Schöne und das Biest                            | Bill        | Condon    | direction
 Minions                                             | Pierre      | Coffin    | direction
 Titanic                                             | James       | Cameron   | direction
 Avatar - Aufbruch nach Pandora                      | James       | Cameron   | direction
 Die Eiskönigin – Völlig unverfroren                 | Chris       | Buck      | direction
 Iron Man 3                                          | Shane       | Black     | direction
 Transformers: Ära des Untergangs                    | Michael     | Bay       | direction
 Transformers 3 – Die dunkle Seite des Mondes        | Michael     | Bay       | direction
 Minions                                             | Kyle        | Balda     | direction
 Star Wars: Das Erwachen der Macht                   | J. J.       | Abrams    | direction
(23 rows)


-- >>>>>>>>>>>>>>>>>>>>>>>>>>>>>>>>>>>>>>>>>>>>>>>>>>>>>>>>>>>>>>>>>>>>>>>>>>>>>>>>>>>>>>>>>>>>>>>>>>>>>>>>>>>>>>>>>>>>>>>>>>>>>>>>>>>>>>>>>>>>>>>>>>>>>>>>>>>>>>>>>>>>>>>>>>>>>>>>>>>>>>>>>>>>>>>>>>>>>>>>>>>>>>>>>>
-- Aufgabe 2 - Welcher Regisseur hat mit welchem Film das höchste Einspielergebnis in der Eröffnungswoche eingespielt?

SELECT m.title, p.firstname, p.lastname FROM Persons p JOIN Personsmovies pm ON p.person_id = pm.person_id JOIN MOVIES m ON pm.movie_id = m.movie_id WHERE pm.role = 'Regisseur' ORDER BY m.openingweek DESC LIMIT 1;
 title | firstname | lastname 
-------+-----------+----------
(0 rows)


-- >>>>>>>>>>>>>>>>>>>>>>>>>>>>>>>>>>>>>>>>>>>>>>>>>>>>>>>>>>>>>>>>>>>>>>>>>>>>>>>>>>>>>>>>>>>>>>>>>>>>>>>>>>>>>>>>>>>>>>>>>>>>>>>>>>>>>>>>>>>>>>>>>>>>>>>>>>>>>>>>>>>>>>>>>>>>>>>>>>>>>>>>>>>>>>>>>>>>>>>>>>>>>>>>>>
-- Aufgabe 3 - Erstellen Sie eine Abfrage um Filme mit ihrem Genre anzuzeigen, deren Budget genauso hoch ist wie das (irgend-) eines Actionsfilms. 
-- Sortieren Sie die Filme alphabetisch. Geben Sie dabei Actionfilme nicht mit aus.

-- a) verwenden Sie einen(!) Subquery
SELECT m.title, g.name, m.budget FROM Movies m JOIN Genres g ON m.genre_id = g.genre_id WHERE budget IN (SELECT budget FROM Movies JOIN Genres ON Movies.genre_id = Genres.genre_id WHERE name = 'Action') AND name != 'Action' ORDER BY m.title;
            title             |       name       |  budget   
------------------------------+------------------+-----------
 Avengers: Age of Ultron      | Comic Verfilmung | 250000000
 The Dark Knight Rises        | Comic Verfilmung | 250000000
 The First Avenger: Civil War | Comic Verfilmung | 250000000
 Titanic                      | Drama            | 200000000
 Toy Story 3                  | Animation        | 200000000
(5 rows)


-- weil das eine Menge ist muss man nicht mit distict machen

-- b) verwenden Sie keinen Subquery
SELECT DISTINCT m1.title, g1.name, m1.budget FROM Movies m1 JOIN Genres g1 On m1.genre_id = g1.genre_id JOIN Movies m2 ON m2.budget = m1.budget JOIN Genres g2 on m2.genre_id = g2.genre_id WHERE g1.name != 'Action' and g2.name = 'Action' ORDER BY M1.title;
            title             |       name       |  budget   
------------------------------+------------------+-----------
 Avengers: Age of Ultron      | Comic Verfilmung | 250000000
 The Dark Knight Rises        | Comic Verfilmung | 250000000
 The First Avenger: Civil War | Comic Verfilmung | 250000000
 Titanic                      | Drama            | 200000000
 Toy Story 3                  | Animation        | 200000000
(5 rows)


-- >>>>>>>>>>>>>>>>>>>>>>>>>>>>>>>>>>>>>>>>>>>>>>>>>>>>>>>>>>>>>>>>>>>>>>>>>>>>>>>>>>>>>>>>>>>>>>>>>>>>>>>>>>>>>>>>>>>>>>>>>>>>>>>>>>>>>>>>>>>>>>>>>>>>>>>>>>>>>>>>>>>>>>>>>>>>>>>>>>>>>>>>>>>>>>>>>>>>>>>>>>>>>>>>>>
-- Aufgabe 4 - Erstellen Sie eine Abfrage, um die Filme mit ihrem Gewinn anzuzeigen, die mehr Gewinn erzielt haben als jeder Actionfilm. Sortieren Sie das Ergebnis absteigend nach dem Einspielergebnis.

-- a) mit Subquery, der den maximalen Gewinn eines Actionfilmes ermittelt
SELECT m.title, g.name, m.profit FROM Movies m JOIN Genres g ON m.genre_id = g.genre_id where m.profit IN (SELECT MAX(profit) FROM Movies m JOIN Genres g ON m.genre_id = g.genre_id where name = 'Action') ORDER BY M.profit;
   title    |  name  |  profit   
------------+--------+-----------
 Iron Man 3 | Action | 408992272
(1 row)

-- b) ohne Subquery
SELECT m1.title, g1.name, m1.profit FROM Movies m1 JOIN Genres g1 on m1.genre_id = g1.genre_id CROSS JOIN Movies m2 JOIN Genres g2 ON m2.genre_id = g2.genre_id where g2.name = 'Action' GROUP BY m1.title, g1.name, m1.profit HAVING m1.profit > MAX(m2.profit) ORDER BY m1.profit DESC;
               title               |       name       |  profit   
-----------------------------------+------------------+-----------
 Star Wars: Das Erwachen der Macht | Sci-Fi           | 936627416
 Avatar - Aufbruch nach Pandora    | Sci-Fi           | 760505847
 Titanic                           | Drama            | 658672302
 Jurassic World                    | Sci-Fi           | 652177271
 The Avengers                      | Comic Verfilmung | 623279547
 Die Schöne und das Biest          | Fantasy          | 503974884
 Avengers: Age of Ultron           | Comic Verfilmung | 458991599
 The Dark Knight Rises             | Comic Verfilmung | 448130642
 Toy Story 3                       | Animation        | 414984497
(9 rows)


-- Klausur: einmal mit subquery

-- >>>>>>>>>>>>>>>>>>>>>>>>>>>>>>>>>>>>>>>>>>>>>>>>>>>>>>>>>>>>>>>>>>>>>>>>>>>>>>>>>>>>>>>>>>>>>>>>>>>>>>>>>>>>>>>>>>>>>>>>>>>>>>>>>>>>>>>>>>>>>>>>>>>>>>>>>>>>>>>>>>>>>>>>>>>>>>>>>>>>>>>>>>>>>>>>>>>>>>>>>>>>>>>>>>
-- Aufgabe 5 - Geben Sie alle Personen mit Anzahl der Filme aus, die an mehr als einem Film mitgewirkt haben an.

SELECT p.firstname, p.lastname, COUNT(m.movie_id) FROM Movies m JOIN Personsmovies pm ON m.movie_id = pm.movie_id JOIN Persons p ON pm.person_id = p.person_id GROUP BY p.firstname, p.lastname HAVING COUNT(m.movie_id) > 1;
 firstname | lastname | count 
-----------+----------+-------
 Michael   | Bay      |     2
 James     | Cameron  |     2
 Joss      | Whedon   |     2
(3 rows)

